// Vitest Snapshot v1, https://vitest.dev/guide/snapshot.html

exports[`getTsConfiguration > should accept valid TS config file 1`] = `
{
  "fileNames": [
    "ts-2307-module-not-fount.ts",
    "ts-2322-strict-null-checks.ts",
    "ts-7006-no-implicit-any.ts",
    "ts-7027-strict-property-initialization.ts",
  ],
  "options": {
    "alwaysStrict": true,
    "configFilePath": undefined,
    "module": 1,
    "noImplicitAny": true,
    "rootDir": "src",
    "strict": true,
    "strictBindCallApply": true,
    "strictFunctionTypes": true,
    "strictNullChecks": true,
    "strictPropertyInitialization": true,
    "target": 2,
  },
}
`;
