{
  "classes": {
    "coverage": 0,
    "issues": [
      {
        "file": "test.ts",
        "line": 4,
        "name": "test",
        "type": "classes",
      },
      {
        "file": "test.ts",
        "line": 5,
        "name": "test",
        "type": "classes",
      },
      {
        "file": "test.ts",
        "line": 6,
        "name": "test",
        "type": "classes",
      },
    ],
    "nodesCount": 3,
  },
  "enums": {
    "coverage": 0,
    "issues": [
      {
        "file": "test.ts",
        "line": 7,
        "name": "test",
        "type": "enums",
      },
      {
        "file": "test.ts",
        "line": 8,
        "name": "test",
        "type": "enums",
      },
      {
        "file": "test.ts",
        "line": 9,
        "name": "test",
        "type": "enums",
      },
    ],
    "nodesCount": 3,
  },
  "functions": {
    "coverage": 66.66666666666667,
    "issues": [
      {
        "file": "test.ts",
        "line": 3,
        "name": "test",
        "type": "functions",
      },
    ],
    "nodesCount": 3,
  },
  "interfaces": {
    "coverage": 0,
    "issues": [
      {
        "file": "test.ts",
        "line": 13,
        "name": "test",
        "type": "interfaces",
      },
      {
        "file": "test.ts",
        "line": 14,
        "name": "test",
        "type": "interfaces",
      },
      {
        "file": "test.ts",
        "line": 15,
        "name": "test",
        "type": "interfaces",
      },
    ],
    "nodesCount": 3,
  },
  "methods": {
    "coverage": 100,
    "issues": [],
    "nodesCount": 0,
  },
  "properties": {
    "coverage": 100,
    "issues": [],
    "nodesCount": 0,
  },
  "types": {
    "coverage": 0,
    "issues": [
      {
        "file": "test.ts",
        "line": 10,
        "name": "test",
        "type": "types",
      },
      {
        "file": "test.ts",
        "line": 11,
        "name": "test",
        "type": "types",
      },
      {
        "file": "test.ts",
        "line": 12,
        "name": "test",
        "type": "types",
      },
    ],
    "nodesCount": 3,
  },
  "variables": {
    "coverage": 100,
    "issues": [],
    "nodesCount": 0,
  },
}